ProjectBindingRegistry:
  ProjectStepDefinitionBinding-0:
    IsValid:`True`
    Error:``
    StepDefinitionType:`When`
    SpecifiedExpression:`I press add`
    Regex:`^I press add$`
    Scope:``
    Implementation:
      Method:`Feature1StepDefinitions.WhenIPressAdd`
      ParameterTypes:[0]
      SourceLocation:
        SourceFile:`C:\<Full path to>\MissingNamespace.cs`
        SourceFileColumn:`5`
        SourceFileEndColumn:`5`
        SourceFileEndLine:`8`
        SourceLocationSpan:``
        SourceFileLine:`6`
    Expression:`I press add`
ProjectBindingRegistry:end
